{"__type":"$$EventMessageAudit","id":"0a5cbe1f-c39d-4e91-a6b7-e7293935df79","ts":"2026-10-02T03:20:14.410+00:00","eventName":"n8n.audit.cluster.instance-joined","message":"n8n.audit.cluster.instance-joined","payload":{"instanceKey":"f4dc29f2-b1af-4827-ba6f-a621177bb827","hostId":"main-dc12d68e33d2","instanceType":"main","instanceRole":"leader","version":"2.40.6"}}
{"__type":"$$EventMessageConfirm","confirm":"0a5cbe1f-c39d-4e91-a6b7-e7293935df79","ts":"2026-10-02T03:20:14.410+00:00","source":{"id":"0","name":"eventBus"}}
{"__type":"$$EventMessageAudit","id":"bc01c716-fc17-453d-b975-a4ae91a228af","ts":"2026-10-02T03:20:34.850+00:00","eventName":"n8n.audit.workflow.executed","message":"n8n.audit.workflow.executed","payload":{"userId":"350c50ca-4ea5-4b96-92ab-36837ac80e70","_email":"syaco.web@gmail.com","_firstName":"syaco","_lastName":"web","globalRole":"global:owner","workflowId":"xmpYnUNJYsvPc3ST","workflowName":"SyaCo Solution-first Backlink Research v1","executionId":"52","projectId":"fTmrDZq0AVhIHWUd","projectName":"syaco web <syaco.web@gmail.com>","source":"user-manual"}}
{"__type":"$$EventMessageConfirm","confirm":"bc01c716-fc17-453d-b975-a4ae91a228af","ts":"2026-10-02T03:20:34.851+00:00","source":{"id":"0","name":"eventBus"}}
{"__type":"$$EventMessageWorkflow","id":"0c8fa3e6-01e7-4184-8dae-50ea24a199d5","ts":"2026-10-02T03:20:34.904+00:00","eventName":"n8n.workflow.started","message":"n8n.workflow.started","payload":{"executionId":"52","workflowId":"xmpYnUNJYsvPc3ST","isManual":false,"mode":"manual","workflowName":"SyaCo Solution-first Backlink Research v1","projectId":"fTmrDZq0AVhIHWUd","projectName":"syaco web <syaco.web@gmail.com>"}}
{"__type":"$$EventMessageConfirm","confirm":"0c8fa3e6-01e7-4184-8dae-50ea24a199d5","ts":"2026-10-02T03:20:34.904+00:00","source":{"id":"0","name":"eventBus"}}
{"__type":"$$EventMessageNode","id":"9e3623e5-52a8-4aae-996e-281332c8b7bf","ts":"2026-10-02T03:20:34.917+00:00","eventName":"n8n.node.started","message":"n8n.node.started","payload":{"workflowId":"xmpYnUNJYsvPc3ST","workflowName":"SyaCo Solution-first Backlink Research v1","executionId":"52","nodeType":"n8n-nodes-base.scheduleTrigger","nodeName":"Daily Trigger","nodeId":"e6dfc171-6b2b-4149-b1f7-7c754be376e7"}}
{"__type":"$$EventMessageConfirm","confirm":"9e3623e5-52a8-4aae-996e-281332c8b7bf","ts":"2026-10-02T03:20:34.917+00:00","source":{"id":"0","name":"eventBus"}}
{"__type":"$$EventMessageNode","id":"bd915d29-da52-4d3e-bada-7e7256434e09","ts":"2026-10-02T03:20:34.927+00:00","eventName":"n8n.node.finished","message":"n8n.node.finished","payload":{"workflowId":"xmpYnUNJYsvPc3ST","workflowName":"SyaCo Solution-first Backlink Research v1","executionId":"52","nodeType":"n8n-nodes-base.scheduleTrigger","nodeName":"Daily Trigger","nodeId":"e6dfc171-6b2b-4149-b1f7-7c754be376e7"}}
{"__type":"$$EventMessageConfirm","confirm":"bd915d29-da52-4d3e-bada-7e7256434e09","ts":"2026-10-02T03:20:34.927+00:00","source":{"id":"0","name":"eventBus"}}
{"__type":"$$EventMessageNode","id":"7b33c27a-c406-415e-8489-bc18bdb2dcd6","ts":"2026-10-02T03:20:34.929+00:00","eventName":"n8n.node.started","message":"n8n.node.started","payload":{"workflowId":"xmpYnUNJYsvPc3ST","workflowName":"SyaCo Solution-first Backlink Research v1","executionId":"52","nodeType":"n8n-nodes-base.httpRequest","nodeName":"Get SyaCo Solutions","nodeId":"8fef691b-d03b-4e76-8ef4-431f4770023c"}}
{"__type":"$$EventMessageConfirm","confirm":"7b33c27a-c406-415e-8489-bc18bdb2dcd6","ts":"2026-10-02T03:20:34.929+00:00","source":{"id":"0","name":"eventBus"}}
{"__type":"$$EventMessageNode","id":"8e1edef9-5b0c-42c0-90db-13eefa525980","ts":"2026-10-02T03:20:35.168+00:00","eventName":"n8n.node.finished","message":"n8n.node.finished","payload":{"workflowId":"xmpYnUNJYsvPc3ST","workflowName":"SyaCo Solution-first Backlink Research v1","executionId":"52","nodeType":"n8n-nodes-base.httpRequest","nodeName":"Get SyaCo Solutions","nodeId":"8fef691b-d03b-4e76-8ef4-431f4770023c"}}
{"__type":"$$EventMessageConfirm","confirm":"8e1edef9-5b0c-42c0-90db-13eefa525980","ts":"2026-10-02T03:20:35.168+00:00","source":{"id":"0","name":"eventBus"}}
{"__type":"$$EventMessageNode","id":"ab04cb48-d8fb-4f9e-8073-7565c4b8142f","ts":"2026-10-02T03:20:35.171+00:00","eventName":"n8n.node.started","message":"n8n.node.started","payload":{"workflowId":"xmpYnUNJYsvPc3ST","workflowName":"SyaCo Solution-first Backlink Research v1","executionId":"52","nodeType":"n8n-nodes-base.code","nodeName":"Split Solutions","nodeId":"6eac9a60-0b09-43b3-8101-828659d356ea"}}
{"__type":"$$EventMessageConfirm","confirm":"ab04cb48-d8fb-4f9e-8073-7565c4b8142f","ts":"2026-10-02T03:20:35.172+00:00","source":{"id":"0","name":"eventBus"}}
{"__type":"$$EventMessageRunner","id":"cfd0675a-1f1b-412f-81a9-1ad7b9d963f4","ts":"2026-10-02T03:20:35.177+00:00","eventName":"n8n.runner.task.requested","message":"n8n.runner.task.requested","payload":{"taskId":"ToBl644x","nodeId":"6eac9a60-0b09-43b3-8101-828659d356ea","workflowId":"xmpYnUNJYsvPc3ST","executionId":"52"}}
{"__type":"$$EventMessageConfirm","confirm":"cfd0675a-1f1b-412f-81a9-1ad7b9d963f4","ts":"2026-10-02T03:20:35.177+00:00","source":{"id":"0","name":"eventBus"}}
{"__type":"$$EventMessageRunner","id":"a19b0abb-4f84-4841-94dc-0f348243ad8d","ts":"2026-10-02T03:20:35.236+00:00","eventName":"n8n.runner.response.received","message":"n8n.runner.response.received","payload":{"taskId":"ToBl644x","nodeId":"6eac9a60-0b09-43b3-8101-828659d356ea","workflowId":"xmpYnUNJYsvPc3ST","executionId":"52"}}
{"__type":"$$EventMessageConfirm","confirm":"a19b0abb-4f84-4841-94dc-0f348243ad8d","ts":"2026-10-02T03:20:35.236+00:00","source":{"id":"0","name":"eventBus"}}
{"__type":"$$EventMessageNode","id":"482d05c3-923c-449e-9d59-8c2b4f3d70d4","ts":"2026-10-02T03:20:35.236+00:00","eventName":"n8n.node.finished","message":"n8n.node.finished","payload":{"workflowId":"xmpYnUNJYsvPc3ST","workflowName":"SyaCo Solution-first Backlink Research v1","executionId":"52","nodeType":"n8n-nodes-base.code","nodeName":"Split Solutions","nodeId":"6eac9a60-0b09-43b3-8101-828659d356ea"}}
{"__type":"$$EventMessageConfirm","confirm":"482d05c3-923c-449e-9d59-8c2b4f3d70d4","ts":"2026-10-02T03:20:35.236+00:00","source":{"id":"0","name":"eventBus"}}
{"__type":"$$EventMessageNode","id":"0d04fe08-bf3b-404e-b4b4-72056e6bb4b9","ts":"2026-10-02T03:20:35.239+00:00","eventName":"n8n.node.started","message":"n8n.node.started","payload":{"workflowId":"xmpYnUNJYsvPc3ST","workflowName":"SyaCo Solution-first Backlink Research v1","executionId":"52","nodeType":"n8n-nodes-base.httpRequest","nodeName":"AI Generate Search Queries","nodeId":"eb25c838-e254-4409-8619-9ce328000edd"}}
{"__type":"$$EventMessageConfirm","confirm":"0d04fe08-bf3b-404e-b4b4-72056e6bb4b9","ts":"2026-10-02T03:20:35.239+00:00","source":{"id":"0","name":"eventBus"}}
{"__type":"$$EventMessageNode","id":"b2cee689-8315-424a-bda5-3a6ca3e96b84","ts":"2026-10-01T23:20:35.274-04:00","eventName":"n8n.node.finished","message":"n8n.node.finished","payload":{"workflowId":"xmpYnUNJYsvPc3ST","workflowName":"SyaCo Solution-first Backlink Research v1","executionId":"52","nodeType":"n8n-nodes-base.httpRequest","nodeName":"AI Generate Search Queries","nodeId":"eb25c838-e254-4409-8619-9ce328000edd"}}
{"__type":"$$EventMessageConfirm","confirm":"b2cee689-8315-424a-bda5-3a6ca3e96b84","ts":"2026-10-01T23:20:35.274-04:00","source":{"id":"0","name":"eventBus"}}
{"__type":"$$EventMessageWorkflow","id":"51b8afd0-33ec-4356-afd1-aa960757a1b6","ts":"2026-10-01T23:20:35.282-04:00","eventName":"n8n.workflow.failed","message":"n8n.workflow.failed","payload":{"userId":"350c50ca-4ea5-4b96-92ab-36837ac80e70","executionId":"52","success":false,"isManual":true,"mode":"manual","workflowId":"xmpYnUNJYsvPc3ST","workflowName":"SyaCo Solution-first Backlink Research v1","projectId":"fTmrDZq0AVhIHWUd","projectName":"syaco web <syaco.web@gmail.com>","lastNodeExecuted":"AI Generate Search Queries","errorMessage":"invalid syntax"}}
{"__type":"$$EventMessageConfirm","confirm":"51b8afd0-33ec-4356-afd1-aa960757a1b6","ts":"2026-10-01T23:20:35.282-04:00","source":{"id":"0","name":"eventBus"}}
{"__type":"$$EventMessageAudit","id":"b715705c-e9c1-447e-a8dd-9a08ff79066a","ts":"2026-10-01T23:53:14.049-04:00","eventName":"n8n.audit.workflow.updated","message":"n8n.audit.workflow.updated","payload":{"userId":"350c50ca-4ea5-4b96-92ab-36837ac80e70","_email":"syaco.web@gmail.com","_firstName":"syaco","_lastName":"web","globalRole":"global:owner","workflowId":"xmpYnUNJYsvPc3ST","workflowName":"SyaCo Solution-first Backlink Research v1"}}
{"__type":"$$EventMessageConfirm","confirm":"b715705c-e9c1-447e-a8dd-9a08ff79066a","ts":"2026-10-01T23:53:14.049-04:00","source":{"id":"0","name":"eventBus"}}
{"__type":"$$EventMessageAudit","id":"bee73de0-4410-4360-952b-c7fe51ccf81d","ts":"2026-10-01T23:53:21.005-04:00","eventName":"n8n.audit.workflow.updated","message":"n8n.audit.workflow.updated","payload":{"userId":"350c50ca-4ea5-4b96-92ab-36837ac80e70","_email":"syaco.web@gmail.com","_firstName":"syaco","_lastName":"web","globalRole":"global:owner","workflowId":"xmpYnUNJYsvPc3ST","workflowName":"SyaCo Solution-first Backlink Research v1"}}
{"__type":"$$EventMessageConfirm","confirm":"bee73de0-4410-4360-952b-c7fe51ccf81d","ts":"2026-10-01T23:53:21.005-04:00","source":{"id":"0","name":"eventBus"}}
{"__type":"$$EventMessageAudit","id":"2778a002-f4a4-4db7-89a4-8e30605c3805","ts":"2026-10-01T23:53:24.734-04:00","eventName":"n8n.audit.workflow.updated","message":"n8n.audit.workflow.updated","payload":{"userId":"350c50ca-4ea5-4b96-92ab-36837ac80e70","_email":"syaco.web@gmail.com","_firstName":"syaco","_lastName":"web","globalRole":"global:owner","workflowId":"xmpYnUNJYsvPc3ST","workflowName":"SyaCo Solution-first Backlink Research v1"}}
{"__type":"$$EventMessageConfirm","confirm":"2778a002-f4a4-4db7-89a4-8e30605c3805","ts":"2026-10-01T23:53:24.734-04:00","source":{"id":"0","name":"eventBus"}}
{"__type":"$$EventMessageAudit","id":"6af140fa-5833-433d-b2c2-4712bbef285e","ts":"2026-10-01T23:53:27.271-04:00","eventName":"n8n.audit.workflow.updated","message":"n8n.audit.workflow.updated","payload":{"userId":"350c50ca-4ea5-4b96-92ab-36837ac80e70","_email":"syaco.web@gmail.com","_firstName":"syaco","_lastName":"web","globalRole":"global:owner","workflowId":"xmpYnUNJYsvPc3ST","workflowName":"SyaCo Solution-first Backlink Research v1"}}
{"__type":"$$EventMessageConfirm","confirm":"6af140fa-5833-433d-b2c2-4712bbef285e","ts":"2026-10-01T23:53:27.271-04:00","source":{"id":"0","name":"eventBus"}}
{"__type":"$$EventMessageAudit","id":"3671fcc3-fcc5-48ae-95f1-3cedfe2f4be2","ts":"2026-10-01T23:53:31.255-04:00","eventName":"n8n.audit.workflow.updated","message":"n8n.audit.workflow.updated","payload":{"userId":"350c50ca-4ea5-4b96-92ab-36837ac80e70","_email":"syaco.web@gmail.com","_firstName":"syaco","_lastName":"web","globalRole":"global:owner","workflowId":"xmpYnUNJYsvPc3ST","workflowName":"SyaCo Solution-first Backlink Research v1"}}
{"__type":"$$EventMessageConfirm","confirm":"3671fcc3-fcc5-48ae-95f1-3cedfe2f4be2","ts":"2026-10-01T23:53:31.255-04:00","source":{"id":"0","name":"eventBus"}}
{"__type":"$$EventMessageAudit","id":"22c66419-71bf-481a-b534-dbc37aa14507","ts":"2026-10-01T23:53:36.685-04:00","eventName":"n8n.audit.workflow.updated","message":"n8n.audit.workflow.updated","payload":{"userId":"350c50ca-4ea5-4b96-92ab-36837ac80e70","_email":"syaco.web@gmail.com","_firstName":"syaco","_lastName":"web","globalRole":"global:owner","workflowId":"xmpYnUNJYsvPc3ST","workflowName":"SyaCo Solution-first Backlink Research v1"}}
{"__type":"$$EventMessageConfirm","confirm":"22c66419-71bf-481a-b534-dbc37aa14507","ts":"2026-10-01T23:53:36.685-04:00","source":{"id":"0","name":"eventBus"}}
{"__type":"$$EventMessageAudit","id":"f6aee9f3-aff5-440f-8aa2-db438dd5321f","ts":"2026-10-01T23:53:42.732-04:00","eventName":"n8n.audit.workflow.updated","message":"n8n.audit.workflow.updated","payload":{"userId":"350c50ca-4ea5-4b96-92ab-36837ac80e70","_email":"syaco.web@gmail.com","_firstName":"syaco","_lastName":"web","globalRole":"global:owner","workflowId":"xmpYnUNJYsvPc3ST","workflowName":"SyaCo Solution-first Backlink Research v1"}}
{"__type":"$$EventMessageConfirm","confirm":"f6aee9f3-aff5-440f-8aa2-db438dd5321f","ts":"2026-10-01T23:53:42.732-04:00","source":{"id":"0","name":"eventBus"}}
{"__type":"$$EventMessageAudit","id":"ad5fc934-80f2-414f-8cad-12f78baaaa85","ts":"2026-10-01T23:53:58.689-04:00","eventName":"n8n.audit.workflow.updated","message":"n8n.audit.workflow.updated","payload":{"userId":"350c50ca-4ea5-4b96-92ab-36837ac80e70","_email":"syaco.web@gmail.com","_firstName":"syaco","_lastName":"web","globalRole":"global:owner","workflowId":"xmpYnUNJYsvPc3ST","workflowName":"SyaCo Solution-first Backlink Research v1"}}
{"__type":"$$EventMessageConfirm","confirm":"ad5fc934-80f2-414f-8cad-12f78baaaa85","ts":"2026-10-01T23:53:58.689-04:00","source":{"id":"0","name":"eventBus"}}
{"__type":"$$EventMessageAudit","id":"86cf02b3-9948-4e49-b772-bd4b17b4608b","ts":"2026-10-01T23:54:03.349-04:00","eventName":"n8n.audit.workflow.updated","message":"n8n.audit.workflow.updated","payload":{"userId":"350c50ca-4ea5-4b96-92ab-36837ac80e70","_email":"syaco.web@gmail.com","_firstName":"syaco","_lastName":"web","globalRole":"global:owner","workflowId":"xmpYnUNJYsvPc3ST","workflowName":"SyaCo Solution-first Backlink Research v1"}}
{"__type":"$$EventMessageConfirm","confirm":"86cf02b3-9948-4e49-b772-bd4b17b4608b","ts":"2026-10-01T23:54:03.349-04:00","source":{"id":"0","name":"eventBus"}}
{"__type":"$$EventMessageAudit","id":"3b2cf12d-f2d9-4cde-9a38-15d2ba03c8d2","ts":"2026-10-01T23:54:09.014-04:00","eventName":"n8n.audit.workflow.updated","message":"n8n.audit.workflow.updated","payload":{"userId":"350c50ca-4ea5-4b96-92ab-36837ac80e70","_email":"syaco.web@gmail.com","_firstName":"syaco","_lastName":"web","globalRole":"global:owner","workflowId":"xmpYnUNJYsvPc3ST","workflowName":"SyaCo Solution-first Backlink Research v1"}}
{"__type":"$$EventMessageConfirm","confirm":"3b2cf12d-f2d9-4cde-9a38-15d2ba03c8d2","ts":"2026-10-01T23:54:09.014-04:00","source":{"id":"0","name":"eventBus"}}
{"__type":"$$EventMessageAudit","id":"e2cfbee5-126b-4c98-b859-f18c814c1773","ts":"2026-10-01T23:54:18.614-04:00","eventName":"n8n.audit.workflow.executed","message":"n8n.audit.workflow.executed","payload":{"userId":"350c50ca-4ea5-4b96-92ab-36837ac80e70","_email":"syaco.web@gmail.com","_firstName":"syaco","_lastName":"web","globalRole":"global:owner","workflowId":"xmpYnUNJYsvPc3ST","workflowName":"SyaCo Solution-first Backlink Research v1","executionId":"53","projectId":"fTmrDZq0AVhIHWUd","projectName":"syaco web <syaco.web@gmail.com>","source":"user-manual"}}
{"__type":"$$EventMessageConfirm","confirm":"e2cfbee5-126b-4c98-b859-f18c814c1773","ts":"2026-10-01T23:54:18.614-04:00","source":{"id":"0","name":"eventBus"}}
{"__type":"$$EventMessageWorkflow","id":"8f3cf782-f9c1-472b-a3e4-61b065e3bb94","ts":"2026-10-01T23:54:18.663-04:00","eventName":"n8n.workflow.started","message":"n8n.workflow.started","payload":{"executionId":"53","workflowId":"xmpYnUNJYsvPc3ST","isManual":false,"mode":"manual","workflowName":"SyaCo Solution-first Backlink Research v1","projectId":"fTmrDZq0AVhIHWUd","projectName":"syaco web <syaco.web@gmail.com>"}}
{"__type":"$$EventMessageConfirm","confirm":"8f3cf782-f9c1-472b-a3e4-61b065e3bb94","ts":"2026-10-01T23:54:18.664-04:00","source":{"id":"0","name":"eventBus"}}
{"__type":"$$EventMessageNode","id":"de0dcc48-63eb-4ffb-86d8-7d1b2c1f7be9","ts":"2026-10-01T23:54:18.678-04:00","eventName":"n8n.node.started","message":"n8n.node.started","payload":{"workflowId":"xmpYnUNJYsvPc3ST","workflowName":"SyaCo Solution-first Backlink Research v1","executionId":"53","nodeType":"n8n-nodes-base.scheduleTrigger","nodeName":"Daily Trigger","nodeId":"e6dfc171-6b2b-4149-b1f7-7c754be376e7"}}
{"__type":"$$EventMessageConfirm","confirm":"de0dcc48-63eb-4ffb-86d8-7d1b2c1f7be9","ts":"2026-10-01T23:54:18.678-04:00","source":{"id":"0","name":"eventBus"}}
{"__type":"$$EventMessageNode","id":"b4f1f05e-0498-42b2-a3b8-62d203f5f2fe","ts":"2026-10-01T23:54:18.687-04:00","eventName":"n8n.node.finished","message":"n8n.node.finished","payload":{"workflowId":"xmpYnUNJYsvPc3ST","workflowName":"SyaCo Solution-first Backlink Research v1","executionId":"53","nodeType":"n8n-nodes-base.scheduleTrigger","nodeName":"Daily Trigger","nodeId":"e6dfc171-6b2b-4149-b1f7-7c754be376e7"}}
{"__type":"$$EventMessageConfirm","confirm":"b4f1f05e-0498-42b2-a3b8-62d203f5f2fe","ts":"2026-10-01T23:54:18.687-04:00","source":{"id":"0","name":"eventBus"}}
{"__type":"$$EventMessageNode","id":"ae3c2aa5-fdf7-4e1a-af4c-afe35371fa4a","ts":"2026-10-01T23:54:18.688-04:00","eventName":"n8n.node.started","message":"n8n.node.started","payload":{"workflowId":"xmpYnUNJYsvPc3ST","workflowName":"SyaCo Solution-first Backlink Research v1","executionId":"53","nodeType":"n8n-nodes-base.httpRequest","nodeName":"Get SyaCo Solutions","nodeId":"8fef691b-d03b-4e76-8ef4-431f4770023c"}}
{"__type":"$$EventMessageConfirm","confirm":"ae3c2aa5-fdf7-4e1a-af4c-afe35371fa4a","ts":"2026-10-01T23:54:18.689-04:00","source":{"id":"0","name":"eventBus"}}
{"__type":"$$EventMessageNode","id":"d87f98d8-e1b4-4a18-894e-0797b5f1f2ab","ts":"2026-10-01T23:54:18.906-04:00","eventName":"n8n.node.finished","message":"n8n.node.finished","payload":{"workflowId":"xmpYnUNJYsvPc3ST","workflowName":"SyaCo Solution-first Backlink Research v1","executionId":"53","nodeType":"n8n-nodes-base.httpRequest","nodeName":"Get SyaCo Solutions","nodeId":"8fef691b-d03b-4e76-8ef4-431f4770023c"}}
{"__type":"$$EventMessageConfirm","confirm":"d87f98d8-e1b4-4a18-894e-0797b5f1f2ab","ts":"2026-10-01T23:54:18.906-04:00","source":{"id":"0","name":"eventBus"}}
{"__type":"$$EventMessageNode","id":"f9926446-64f8-419a-9557-3fa423b9c0b2","ts":"2026-10-01T23:54:18.909-04:00","eventName":"n8n.node.started","message":"n8n.node.started","payload":{"workflowId":"xmpYnUNJYsvPc3ST","workflowName":"SyaCo Solution-first Backlink Research v1","executionId":"53","nodeType":"n8n-nodes-base.code","nodeName":"Split Solutions","nodeId":"6eac9a60-0b09-43b3-8101-828659d356ea"}}
{"__type":"$$EventMessageConfirm","confirm":"f9926446-64f8-419a-9557-3fa423b9c0b2","ts":"2026-10-01T23:54:18.909-04:00","source":{"id":"0","name":"eventBus"}}
{"__type":"$$EventMessageRunner","id":"7e55011e-a448-4a3d-bf70-9c10f27434b5","ts":"2026-10-01T23:54:18.914-04:00","eventName":"n8n.runner.task.requested","message":"n8n.runner.task.requested","payload":{"taskId":"NAgJJGDG","nodeId":"6eac9a60-0b09-43b3-8101-828659d356ea","workflowId":"xmpYnUNJYsvPc3ST","executionId":"53"}}
{"__type":"$$EventMessageConfirm","confirm":"7e55011e-a448-4a3d-bf70-9c10f27434b5","ts":"2026-10-01T23:54:18.914-04:00","source":{"id":"0","name":"eventBus"}}
{"__type":"$$EventMessageRunner","id":"ca71427b-d1f4-4075-9337-b033e49a531a","ts":"2026-10-01T23:54:18.941-04:00","eventName":"n8n.runner.response.received","message":"n8n.runner.response.received","payload":{"taskId":"NAgJJGDG","nodeId":"6eac9a60-0b09-43b3-8101-828659d356ea","workflowId":"xmpYnUNJYsvPc3ST","executionId":"53"}}
{"__type":"$$EventMessageConfirm","confirm":"ca71427b-d1f4-4075-9337-b033e49a531a","ts":"2026-10-01T23:54:18.941-04:00","source":{"id":"0","name":"eventBus"}}
{"__type":"$$EventMessageNode","id":"0b53c1ff-594d-44b5-9cac-0d2e1ba1c733","ts":"2026-10-01T23:54:18.942-04:00","eventName":"n8n.node.finished","message":"n8n.node.finished","payload":{"workflowId":"xmpYnUNJYsvPc3ST","workflowName":"SyaCo Solution-first Backlink Research v1","executionId":"53","nodeType":"n8n-nodes-base.code","nodeName":"Split Solutions","nodeId":"6eac9a60-0b09-43b3-8101-828659d356ea"}}
{"__type":"$$EventMessageConfirm","confirm":"0b53c1ff-594d-44b5-9cac-0d2e1ba1c733","ts":"2026-10-01T23:54:18.943-04:00","source":{"id":"0","name":"eventBus"}}
{"__type":"$$EventMessageNode","id":"5a3c5b0d-7e49-49b5-b73f-aaefe1163aa3","ts":"2026-10-01T23:54:18.945-04:00","eventName":"n8n.node.started","message":"n8n.node.started","payload":{"workflowId":"xmpYnUNJYsvPc3ST","workflowName":"SyaCo Solution-first Backlink Research v1","executionId":"53","nodeType":"n8n-nodes-base.httpRequest","nodeName":"AI Generate Search Queries","nodeId":"eb25c838-e254-4409-8619-9ce328000edd"}}
{"__type":"$$EventMessageConfirm","confirm":"5a3c5b0d-7e49-49b5-b73f-aaefe1163aa3","ts":"2026-10-01T23:54:18.945-04:00","source":{"id":"0","name":"eventBus"}}
{"__type":"$$EventMessageNode","id":"781c17e9-0e5f-468a-80c2-b51d5dec4669","ts":"2026-10-01T23:54:18.963-04:00","eventName":"n8n.node.finished","message":"n8n.node.finished","payload":{"workflowId":"xmpYnUNJYsvPc3ST","workflowName":"SyaCo Solution-first Backlink Research v1","executionId":"53","nodeType":"n8n-nodes-base.httpRequest","nodeName":"AI Generate Search Queries","nodeId":"eb25c838-e254-4409-8619-9ce328000edd"}}
{"__type":"$$EventMessageConfirm","confirm":"781c17e9-0e5f-468a-80c2-b51d5dec4669","ts":"2026-10-01T23:54:18.963-04:00","source":{"id":"0","name":"eventBus"}}
{"__type":"$$EventMessageWorkflow","id":"7dd13525-df77-4ba4-acc0-761196d9914f","ts":"2026-10-01T23:54:18.967-04:00","eventName":"n8n.workflow.failed","message":"n8n.workflow.failed","payload":{"userId":"350c50ca-4ea5-4b96-92ab-36837ac80e70","executionId":"53","success":false,"isManual":true,"mode":"manual","workflowId":"xmpYnUNJYsvPc3ST","workflowName":"SyaCo Solution-first Backlink Research v1","projectId":"fTmrDZq0AVhIHWUd","projectName":"syaco web <syaco.web@gmail.com>","lastNodeExecuted":"AI Generate Search Queries","errorMessage":"invalid syntax"}}
{"__type":"$$EventMessageConfirm","confirm":"7dd13525-df77-4ba4-acc0-761196d9914f","ts":"2026-10-01T23:54:18.967-04:00","source":{"id":"0","name":"eventBus"}}
{"__type":"$$EventMessageAudit","id":"0dc230cd-ac9f-485a-8d79-7b4d81d5cc13","ts":"2026-10-01T23:54:21.050-04:00","eventName":"n8n.audit.workflow.updated","message":"n8n.audit.workflow.updated","payload":{"userId":"350c50ca-4ea5-4b96-92ab-36837ac80e70","_email":"syaco.web@gmail.com","_firstName":"syaco","_lastName":"web","globalRole":"global:owner","workflowId":"xmpYnUNJYsvPc3ST","workflowName":"SyaCo Solution-first Backlink Research v1"}}
{"__type":"$$EventMessageConfirm","confirm":"0dc230cd-ac9f-485a-8d79-7b4d81d5cc13","ts":"2026-10-01T23:54:21.050-04:00","source":{"id":"0","name":"eventBus"}}
{"__type":"$$EventMessageAudit","id":"492e5983-aa8d-42a5-902c-f2086affac2e","ts":"2026-10-01T23:55:56.353-04:00","eventName":"n8n.audit.workflow.executed","message":"n8n.audit.workflow.executed","payload":{"userId":"350c50ca-4ea5-4b96-92ab-36837ac80e70","_email":"syaco.web@gmail.com","_firstName":"syaco","_lastName":"web","globalRole":"global:owner","workflowId":"xmpYnUNJYsvPc3ST","workflowName":"SyaCo Solution-first Backlink Research v1","executionId":"54","projectId":"fTmrDZq0AVhIHWUd","projectName":"syaco web <syaco.web@gmail.com>","source":"user-manual"}}
{"__type":"$$EventMessageConfirm","confirm":"492e5983-aa8d-42a5-902c-f2086affac2e","ts":"2026-10-01T23:55:56.354-04:00","source":{"id":"0","name":"eventBus"}}
{"__type":"$$EventMessageWorkflow","id":"50264e0a-209a-42dd-9e0d-f0fc574ca2e0","ts":"2026-10-01T23:55:56.364-04:00","eventName":"n8n.workflow.started","message":"n8n.workflow.started","payload":{"executionId":"54","workflowId":"xmpYnUNJYsvPc3ST","isManual":false,"mode":"manual","workflowName":"SyaCo Solution-first Backlink Research v1","projectId":"fTmrDZq0AVhIHWUd","projectName":"syaco web <syaco.web@gmail.com>"}}
{"__type":"$$EventMessageConfirm","confirm":"50264e0a-209a-42dd-9e0d-f0fc574ca2e0","ts":"2026-10-01T23:55:56.364-04:00","source":{"id":"0","name":"eventBus"}}
{"__type":"$$EventMessageNode","id":"06b0baf6-2568-4cc4-aede-d50492d00cc5","ts":"2026-10-01T23:55:56.395-04:00","eventName":"n8n.node.started","message":"n8n.node.started","payload":{"workflowId":"xmpYnUNJYsvPc3ST","workflowName":"SyaCo Solution-first Backlink Research v1","executionId":"54","nodeType":"n8n-nodes-base.httpRequest","nodeName":"AI Generate Search Queries","nodeId":"eb25c838-e254-4409-8619-9ce328000edd"}}
{"__type":"$$EventMessageConfirm","confirm":"06b0baf6-2568-4cc4-aede-d50492d00cc5","ts":"2026-10-01T23:55:56.395-04:00","source":{"id":"0","name":"eventBus"}}
{"__type":"$$EventMessageNode","id":"de86d19b-3b12-4602-bd2a-4f0d0d69f6e0","ts":"2026-10-01T23:55:56.402-04:00","eventName":"n8n.node.finished","message":"n8n.node.finished","payload":{"workflowId":"xmpYnUNJYsvPc3ST","workflowName":"SyaCo Solution-first Backlink Research v1","executionId":"54","nodeType":"n8n-nodes-base.httpRequest","nodeName":"AI Generate Search Queries","nodeId":"eb25c838-e254-4409-8619-9ce328000edd"}}
{"__type":"$$EventMessageConfirm","confirm":"de86d19b-3b12-4602-bd2a-4f0d0d69f6e0","ts":"2026-10-01T23:55:56.402-04:00","source":{"id":"0","name":"eventBus"}}
{"__type":"$$EventMessageWorkflow","id":"da34dc1f-e8e8-4324-a1c1-dd16c609fa11","ts":"2026-10-01T23:55:56.408-04:00","eventName":"n8n.workflow.failed","message":"n8n.workflow.failed","payload":{"userId":"350c50ca-4ea5-4b96-92ab-36837ac80e70","executionId":"54","success":false,"isManual":true,"mode":"manual","workflowId":"xmpYnUNJYsvPc3ST","workflowName":"SyaCo Solution-first Backlink Research v1","projectId":"fTmrDZq0AVhIHWUd","projectName":"syaco web <syaco.web@gmail.com>","lastNodeExecuted":"AI Generate Search Queries","errorMessage":"invalid syntax"}}
{"__type":"$$EventMessageConfirm","confirm":"da34dc1f-e8e8-4324-a1c1-dd16c609fa11","ts":"2026-10-01T23:55:56.408-04:00","source":{"id":"0","name":"eventBus"}}
{"__type":"$$EventMessageAudit","id":"090d34c8-fcc4-4565-862c-abeb3400533e","ts":"2026-10-01T23:55:58.427-04:00","eventName":"n8n.audit.workflow.updated","message":"n8n.audit.workflow.updated","payload":{"userId":"350c50ca-4ea5-4b96-92ab-36837ac80e70","_email":"syaco.web@gmail.com","_firstName":"syaco","_lastName":"web","globalRole":"global:owner","workflowId":"xmpYnUNJYsvPc3ST","workflowName":"SyaCo Solution-first Backlink Research v1"}}
{"__type":"$$EventMessageConfirm","confirm":"090d34c8-fcc4-4565-862c-abeb3400533e","ts":"2026-10-01T23:55:58.427-04:00","source":{"id":"0","name":"eventBus"}}
{"__type":"$$EventMessageAudit","id":"8a11d4d3-0867-4c89-9a04-83214e02ecd2","ts":"2026-10-01T23:56:46.146-04:00","eventName":"n8n.audit.workflow.updated","message":"n8n.audit.workflow.updated","payload":{"userId":"350c50ca-4ea5-4b96-92ab-36837ac80e70","_email":"syaco.web@gmail.com","_firstName":"syaco","_lastName":"web","globalRole":"global:owner","workflowId":"xmpYnUNJYsvPc3ST","workflowName":"SyaCo Solution-first Backlink Research v1"}}
{"__type":"$$EventMessageConfirm","confirm":"8a11d4d3-0867-4c89-9a04-83214e02ecd2","ts":"2026-10-01T23:56:46.146-04:00","source":{"id":"0","name":"eventBus"}}
{"__type":"$$EventMessageAudit","id":"9724c6e3-413f-44bc-9f41-1e75e778dd62","ts":"2026-10-01T23:56:46.927-04:00","eventName":"n8n.audit.workflow.executed","message":"n8n.audit.workflow.executed","payload":{"userId":"350c50ca-4ea5-4b96-92ab-36837ac80e70","_email":"syaco.web@gmail.com","_firstName":"syaco","_lastName":"web","globalRole":"global:owner","workflowId":"xmpYnUNJYsvPc3ST","workflowName":"SyaCo Solution-first Backlink Research v1","executionId":"55","projectId":"fTmrDZq0AVhIHWUd","projectName":"syaco web <syaco.web@gmail.com>","source":"user-manual"}}
{"__type":"$$EventMessageConfirm","confirm":"9724c6e3-413f-44bc-9f41-1e75e778dd62","ts":"2026-10-01T23:56:46.928-04:00","source":{"id":"0","name":"eventBus"}}
{"__type":"$$EventMessageWorkflow","id":"03b493f7-ad73-47b7-8fbc-832466d170d9","ts":"2026-10-01T23:56:46.932-04:00","eventName":"n8n.workflow.started","message":"n8n.workflow.started","payload":{"executionId":"55","workflowId":"xmpYnUNJYsvPc3ST","isManual":false,"mode":"manual","workflowName":"SyaCo Solution-first Backlink Research v1","projectId":"fTmrDZq0AVhIHWUd","projectName":"syaco web <syaco.web@gmail.com>"}}
{"__type":"$$EventMessageConfirm","confirm":"03b493f7-ad73-47b7-8fbc-832466d170d9","ts":"2026-10-01T23:56:46.933-04:00","source":{"id":"0","name":"eventBus"}}
{"__type":"$$EventMessageNode","id":"cd9e63e4-f0b6-4883-816a-9b878d826d61","ts":"2026-10-01T23:56:46.964-04:00","eventName":"n8n.node.started","message":"n8n.node.started","payload":{"workflowId":"xmpYnUNJYsvPc3ST","workflowName":"SyaCo Solution-first Backlink Research v1","executionId":"55","nodeType":"n8n-nodes-base.httpRequest","nodeName":"AI Generate Search Queries","nodeId":"eb25c838-e254-4409-8619-9ce328000edd"}}
{"__type":"$$EventMessageConfirm","confirm":"cd9e63e4-f0b6-4883-816a-9b878d826d61","ts":"2026-10-01T23:56:46.965-04:00","source":{"id":"0","name":"eventBus"}}
{"__type":"$$EventMessageNode","id":"afce1a69-6bc5-4a21-8b28-d46b42935591","ts":"2026-10-01T23:56:47.074-04:00","eventName":"n8n.node.finished","message":"n8n.node.finished","payload":{"workflowId":"xmpYnUNJYsvPc3ST","workflowName":"SyaCo Solution-first Backlink Research v1","executionId":"55","nodeType":"n8n-nodes-base.httpRequest","nodeName":"AI Generate Search Queries","nodeId":"eb25c838-e254-4409-8619-9ce328000edd"}}
{"__type":"$$EventMessageConfirm","confirm":"afce1a69-6bc5-4a21-8b28-d46b42935591","ts":"2026-10-01T23:56:47.074-04:00","source":{"id":"0","name":"eventBus"}}
{"__type":"$$EventMessageWorkflow","id":"ee0f8bdf-ac55-41ce-9411-9250b1aeda4a","ts":"2026-10-01T23:56:47.078-04:00","eventName":"n8n.workflow.failed","message":"n8n.workflow.failed","payload":{"userId":"350c50ca-4ea5-4b96-92ab-36837ac80e70","executionId":"55","success":false,"isManual":true,"mode":"manual","workflowId":"xmpYnUNJYsvPc3ST","workflowName":"SyaCo Solution-first Backlink Research v1","projectId":"fTmrDZq0AVhIHWUd","projectName":"syaco web <syaco.web@gmail.com>","lastNodeExecuted":"AI Generate Search Queries","errorMessage":"access to env vars denied"}}
{"__type":"$$EventMessageConfirm","confirm":"ee0f8bdf-ac55-41ce-9411-9250b1aeda4a","ts":"2026-10-01T23:56:47.078-04:00","source":{"id":"0","name":"eventBus"}}
{"__type":"$$EventMessageAudit","id":"5ceaf18e-b173-4376-9f50-199f15fced61","ts":"2026-10-01T23:56:49.068-04:00","eventName":"n8n.audit.workflow.updated","message":"n8n.audit.workflow.updated","payload":{"userId":"350c50ca-4ea5-4b96-92ab-36837ac80e70","_email":"syaco.web@gmail.com","_firstName":"syaco","_lastName":"web","globalRole":"global:owner","workflowId":"xmpYnUNJYsvPc3ST","workflowName":"SyaCo Solution-first Backlink Research v1"}}
{"__type":"$$EventMessageConfirm","confirm":"5ceaf18e-b173-4376-9f50-199f15fced61","ts":"2026-10-01T23:56:49.068-04:00","source":{"id":"0","name":"eventBus"}}
{"__type":"$$EventMessageAudit","id":"303539b5-4139-48ce-aa49-05d33ad29491","ts":"2026-10-01T23:58:10.458-04:00","eventName":"n8n.audit.workflow.executed","message":"n8n.audit.workflow.executed","payload":{"userId":"350c50ca-4ea5-4b96-92ab-36837ac80e70","_email":"syaco.web@gmail.com","_firstName":"syaco","_lastName":"web","globalRole":"global:owner","workflowId":"xmpYnUNJYsvPc3ST","workflowName":"SyaCo Solution-first Backlink Research v1","executionId":"56","projectId":"fTmrDZq0AVhIHWUd","projectName":"syaco web <syaco.web@gmail.com>","source":"user-manual"}}
{"__type":"$$EventMessageConfirm","confirm":"303539b5-4139-48ce-aa49-05d33ad29491","ts":"2026-10-01T23:58:10.458-04:00","source":{"id":"0","name":"eventBus"}}
{"__type":"$$EventMessageWorkflow","id":"9411a39b-7143-4ab9-b428-c974ad1185bf","ts":"2026-10-01T23:58:10.516-04:00","eventName":"n8n.workflow.started","message":"n8n.workflow.started","payload":{"executionId":"56","workflowId":"xmpYnUNJYsvPc3ST","isManual":false,"mode":"manual","workflowName":"SyaCo Solution-first Backlink Research v1","projectId":"fTmrDZq0AVhIHWUd","projectName":"syaco web <syaco.web@gmail.com>"}}
{"__type":"$$EventMessageConfirm","confirm":"9411a39b-7143-4ab9-b428-c974ad1185bf","ts":"2026-10-01T23:58:10.516-04:00","source":{"id":"0","name":"eventBus"}}
{"__type":"$$EventMessageNode","id":"b61ca7a6-7f5c-47ce-a5bf-4832c40e1bec","ts":"2026-10-01T23:58:10.533-04:00","eventName":"n8n.node.started","message":"n8n.node.started","payload":{"workflowId":"xmpYnUNJYsvPc3ST","workflowName":"SyaCo Solution-first Backlink Research v1","executionId":"56","nodeType":"n8n-nodes-base.scheduleTrigger","nodeName":"Daily Trigger","nodeId":"e6dfc171-6b2b-4149-b1f7-7c754be376e7"}}
{"__type":"$$EventMessageConfirm","confirm":"b61ca7a6-7f5c-47ce-a5bf-4832c40e1bec","ts":"2026-10-01T23:58:10.534-04:00","source":{"id":"0","name":"eventBus"}}
{"__type":"$$EventMessageNode","id":"a7b8d1ba-9aa4-4fbb-92fb-65a2fdb589ec","ts":"2026-10-01T23:58:10.541-04:00","eventName":"n8n.node.finished","message":"n8n.node.finished","payload":{"workflowId":"xmpYnUNJYsvPc3ST","workflowName":"SyaCo Solution-first Backlink Research v1","executionId":"56","nodeType":"n8n-nodes-base.scheduleTrigger","nodeName":"Daily Trigger","nodeId":"e6dfc171-6b2b-4149-b1f7-7c754be376e7"}}
{"__type":"$$EventMessageConfirm","confirm":"a7b8d1ba-9aa4-4fbb-92fb-65a2fdb589ec","ts":"2026-10-01T23:58:10.541-04:00","source":{"id":"0","name":"eventBus"}}
{"__type":"$$EventMessageNode","id":"55aba8e9-b50a-4b7c-b633-39876f79db11","ts":"2026-10-01T23:58:10.543-04:00","eventName":"n8n.node.started","message":"n8n.node.started","payload":{"workflowId":"xmpYnUNJYsvPc3ST","workflowName":"SyaCo Solution-first Backlink Research v1","executionId":"56","nodeType":"n8n-nodes-base.httpRequest","nodeName":"Get SyaCo Solutions","nodeId":"8fef691b-d03b-4e76-8ef4-431f4770023c"}}
{"__type":"$$EventMessageConfirm","confirm":"55aba8e9-b50a-4b7c-b633-39876f79db11","ts":"2026-10-01T23:58:10.543-04:00","source":{"id":"0","name":"eventBus"}}
{"__type":"$$EventMessageNode","id":"7af0014c-283f-4a78-bb98-a77c4e3a1e71","ts":"2026-10-01T23:58:10.698-04:00","eventName":"n8n.node.finished","message":"n8n.node.finished","payload":{"workflowId":"xmpYnUNJYsvPc3ST","workflowName":"SyaCo Solution-first Backlink Research v1","executionId":"56","nodeType":"n8n-nodes-base.httpRequest","nodeName":"Get SyaCo Solutions","nodeId":"8fef691b-d03b-4e76-8ef4-431f4770023c"}}
{"__type":"$$EventMessageConfirm","confirm":"7af0014c-283f-4a78-bb98-a77c4e3a1e71","ts":"2026-10-01T23:58:10.698-04:00","source":{"id":"0","name":"eventBus"}}
{"__type":"$$EventMessageNode","id":"f46fa007-b6e5-4dd1-bbb9-d9722b3a1736","ts":"2026-10-01T23:58:10.700-04:00","eventName":"n8n.node.started","message":"n8n.node.started","payload":{"workflowId":"xmpYnUNJYsvPc3ST","workflowName":"SyaCo Solution-first Backlink Research v1","executionId":"56","nodeType":"n8n-nodes-base.code","nodeName":"Split Solutions","nodeId":"6eac9a60-0b09-43b3-8101-828659d356ea"}}
{"__type":"$$EventMessageConfirm","confirm":"f46fa007-b6e5-4dd1-bbb9-d9722b3a1736","ts":"2026-10-01T23:58:10.700-04:00","source":{"id":"0","name":"eventBus"}}
{"__type":"$$EventMessageRunner","id":"b40850bd-d28c-4b96-a647-35f630869a93","ts":"2026-10-01T23:58:10.704-04:00","eventName":"n8n.runner.task.requested","message":"n8n.runner.task.requested","payload":{"taskId":"qpx2fStA","nodeId":"6eac9a60-0b09-43b3-8101-828659d356ea","workflowId":"xmpYnUNJYsvPc3ST","executionId":"56"}}
{"__type":"$$EventMessageConfirm","confirm":"b40850bd-d28c-4b96-a647-35f630869a93","ts":"2026-10-01T23:58:10.704-04:00","source":{"id":"0","name":"eventBus"}}
{"__type":"$$EventMessageRunner","id":"336255fe-4d1d-4911-b10e-118e1102f23d","ts":"2026-10-01T23:58:10.723-04:00","eventName":"n8n.runner.response.received","message":"n8n.runner.response.received","payload":{"taskId":"qpx2fStA","nodeId":"6eac9a60-0b09-43b3-8101-828659d356ea","workflowId":"xmpYnUNJYsvPc3ST","executionId":"56"}}
{"__type":"$$EventMessageConfirm","confirm":"336255fe-4d1d-4911-b10e-118e1102f23d","ts":"2026-10-01T23:58:10.723-04:00","source":{"id":"0","name":"eventBus"}}
{"__type":"$$EventMessageNode","id":"db6fc1c1-257a-4a0b-a742-dba89e3acead","ts":"2026-10-01T23:58:10.724-04:00","eventName":"n8n.node.finished","message":"n8n.node.finished","payload":{"workflowId":"xmpYnUNJYsvPc3ST","workflowName":"SyaCo Solution-first Backlink Research v1","executionId":"56","nodeType":"n8n-nodes-base.code","nodeName":"Split Solutions","nodeId":"6eac9a60-0b09-43b3-8101-828659d356ea"}}
{"__type":"$$EventMessageConfirm","confirm":"db6fc1c1-257a-4a0b-a742-dba89e3acead","ts":"2026-10-01T23:58:10.725-04:00","source":{"id":"0","name":"eventBus"}}
{"__type":"$$EventMessageNode","id":"ce083f0a-d0eb-4108-9736-c48943e5ac3f","ts":"2026-10-01T23:58:10.726-04:00","eventName":"n8n.node.started","message":"n8n.node.started","payload":{"workflowId":"xmpYnUNJYsvPc3ST","workflowName":"SyaCo Solution-first Backlink Research v1","executionId":"56","nodeType":"n8n-nodes-base.httpRequest","nodeName":"AI Generate Search Queries","nodeId":"eb25c838-e254-4409-8619-9ce328000edd"}}
{"__type":"$$EventMessageConfirm","confirm":"ce083f0a-d0eb-4108-9736-c48943e5ac3f","ts":"2026-10-01T23:58:10.726-04:00","source":{"id":"0","name":"eventBus"}}
{"__type":"$$EventMessageNode","id":"6a0dccb1-04b8-4fbf-a659-af11a67c189a","ts":"2026-10-01T23:58:10.743-04:00","eventName":"n8n.node.finished","message":"n8n.node.finished","payload":{"workflowId":"xmpYnUNJYsvPc3ST","workflowName":"SyaCo Solution-first Backlink Research v1","executionId":"56","nodeType":"n8n-nodes-base.httpRequest","nodeName":"AI Generate Search Queries","nodeId":"eb25c838-e254-4409-8619-9ce328000edd"}}
{"__type":"$$EventMessageConfirm","confirm":"6a0dccb1-04b8-4fbf-a659-af11a67c189a","ts":"2026-10-01T23:58:10.743-04:00","source":{"id":"0","name":"eventBus"}}
{"__type":"$$EventMessageWorkflow","id":"8252fa17-e904-4cd7-87c0-a02e02c6879e","ts":"2026-10-01T23:58:10.748-04:00","eventName":"n8n.workflow.failed","message":"n8n.workflow.failed","payload":{"userId":"350c50ca-4ea5-4b96-92ab-36837ac80e70","executionId":"56","success":false,"isManual":true,"mode":"manual","workflowId":"xmpYnUNJYsvPc3ST","workflowName":"SyaCo Solution-first Backlink Research v1","projectId":"fTmrDZq0AVhIHWUd","projectName":"syaco web <syaco.web@gmail.com>","lastNodeExecuted":"AI Generate Search Queries","errorMessage":"access to env vars denied"}}
{"__type":"$$EventMessageConfirm","confirm":"8252fa17-e904-4cd7-87c0-a02e02c6879e","ts":"2026-10-01T23:58:10.748-04:00","source":{"id":"0","name":"eventBus"}}
